// Jest Snapshot v1, https://goo.gl/fbAQLP

exports[`Flashcard renders correctly 1`] = `ShallowWrapper {}`;
