// Jest Snapshot v1, https://goo.gl/fbAQLP

exports[`Flashcards renders correctly 1`] = `ShallowWrapper {}`;
